{"level":"\u001b[32minfo\u001b[39m","message":"Database connected successfully","timestamp":"2025-03-24T05:31:50.138Z"}
{"level":"\u001b[32minfo\u001b[39m","message":"Server running on http://localhost:3000","timestamp":"2025-03-24T05:31:50.145Z"}
{"level":"\u001b[32minfo\u001b[39m","message":"Database connected successfully","timestamp":"2025-03-24T05:32:31.993Z"}
{"level":"\u001b[32minfo\u001b[39m","message":"Server running on http://localhost:3000","timestamp":"2025-03-24T05:32:32.006Z"}
{"level":"\u001b[32minfo\u001b[39m","message":"Database connected successfully","timestamp":"2025-03-24T05:32:42.133Z"}
{"level":"\u001b[32minfo\u001b[39m","message":"Server running on http://localhost:3000","timestamp":"2025-03-24T05:32:42.145Z"}
{"level":"\u001b[32minfo\u001b[39m","message":"Database connected successfully","timestamp":"2025-03-24T05:33:27.201Z"}
{"level":"\u001b[32minfo\u001b[39m","message":"Server running on http://localhost:3000","timestamp":"2025-03-24T05:33:27.211Z"}
{"level":"\u001b[32minfo\u001b[39m","message":"Database connected successfully","timestamp":"2025-03-24T05:33:30.066Z"}
{"level":"\u001b[32minfo\u001b[39m","message":"Server running on http://localhost:3000","timestamp":"2025-03-24T05:33:30.079Z"}
{"level":"\u001b[32minfo\u001b[39m","message":"Database connected successfully","timestamp":"2025-03-24T05:33:31.594Z"}
{"level":"\u001b[32minfo\u001b[39m","message":"Server running on http://localhost:3000","timestamp":"2025-03-24T05:33:31.603Z"}
{"level":"\u001b[32minfo\u001b[39m","message":"Database connected successfully","timestamp":"2025-03-24T05:33:33.702Z"}
{"level":"\u001b[32minfo\u001b[39m","message":"Server running on http://localhost:3000","timestamp":"2025-03-24T05:33:33.715Z"}
{"level":"\u001b[32minfo\u001b[39m","message":"Database connected successfully","timestamp":"2025-03-24T05:33:42.191Z"}
{"level":"\u001b[32minfo\u001b[39m","message":"Server running on http://localhost:3000","timestamp":"2025-03-24T05:33:42.262Z"}
{"level":"\u001b[32minfo\u001b[39m","message":"Database connected successfully","timestamp":"2025-03-24T05:33:44.902Z"}
{"level":"\u001b[32minfo\u001b[39m","message":"Server running on http://localhost:3000","timestamp":"2025-03-24T05:33:44.910Z"}
{"level":"\u001b[32minfo\u001b[39m","message":"Database connected successfully","timestamp":"2025-03-24T05:34:30.377Z"}
{"level":"\u001b[32minfo\u001b[39m","message":"Server running on http://localhost:3000","timestamp":"2025-03-24T05:34:30.388Z"}
{"level":"\u001b[32minfo\u001b[39m","message":"Database connected successfully","timestamp":"2025-03-24T05:36:47.396Z"}
{"level":"\u001b[32minfo\u001b[39m","message":"Server running on http://localhost:3000","timestamp":"2025-03-24T05:36:47.411Z"}
{"level":"\u001b[32minfo\u001b[39m","message":"{\"method\":\"POST\",\"url\":\"/api/v1/auth/signin\",\"status\":\"401\",\"responseTime\":\"2640.734\"}","timestamp":"2025-03-24T05:37:55.191Z"}
{"level":"\u001b[32minfo\u001b[39m","message":"{\"method\":\"POST\",\"url\":\"/api/v1/auth/signin\",\"status\":\"401\",\"responseTime\":\"202.070\"}","timestamp":"2025-03-24T05:37:57.085Z"}
{"level":"\u001b[32minfo\u001b[39m","message":"{\"method\":\"POST\",\"url\":\"/api/v1/auth/signin\",\"status\":\"401\",\"responseTime\":\"168.931\"}","timestamp":"2025-03-24T05:37:58.646Z"}
{"level":"\u001b[32minfo\u001b[39m","message":"{\"method\":\"POST\",\"url\":\"/api/v1/auth/signin\",\"status\":\"401\",\"responseTime\":\"231.056\"}","timestamp":"2025-03-24T05:38:00.079Z"}
{"level":"\u001b[32minfo\u001b[39m","message":"{\"method\":\"POST\",\"url\":\"/api/v1/auth/signin\",\"status\":\"401\",\"responseTime\":\"197.151\"}","timestamp":"2025-03-24T05:38:01.297Z"}
{"level":"\u001b[32minfo\u001b[39m","message":"{\"method\":\"POST\",\"url\":\"/api/v1/auth/signin\",\"status\":\"429\",\"responseTime\":\"0.865\"}","timestamp":"2025-03-24T05:38:02.294Z"}
{"level":"\u001b[32minfo\u001b[39m","message":"Database connected successfully","timestamp":"2025-03-24T05:38:32.484Z"}
{"level":"\u001b[32minfo\u001b[39m","message":"Server running on http://localhost:3000","timestamp":"2025-03-24T05:38:32.502Z"}
{"level":"\u001b[32minfo\u001b[39m","message":"Database connected successfully","timestamp":"2025-03-24T05:38:41.872Z"}
{"level":"\u001b[32minfo\u001b[39m","message":"Server running on http://localhost:3000","timestamp":"2025-03-24T05:38:41.896Z"}
{"level":"\u001b[32minfo\u001b[39m","message":"Database connected successfully","timestamp":"2025-03-24T05:38:45.729Z"}
{"level":"\u001b[32minfo\u001b[39m","message":"Server running on http://localhost:3000","timestamp":"2025-03-24T05:38:45.745Z"}
{"level":"\u001b[32minfo\u001b[39m","message":"Database connected successfully","timestamp":"2025-03-24T08:45:13.931Z"}
{"level":"\u001b[32minfo\u001b[39m","message":"Server running on http://localhost:3000","timestamp":"2025-03-24T08:45:13.937Z"}
{"level":"\u001b[32minfo\u001b[39m","message":"Database connected successfully","timestamp":"2025-03-24T08:45:17.631Z"}
{"level":"\u001b[32minfo\u001b[39m","message":"Server running on http://localhost:3000","timestamp":"2025-03-24T08:45:17.670Z"}
{"level":"\u001b[32minfo\u001b[39m","message":"Database connected successfully","timestamp":"2025-03-24T08:45:21.577Z"}
{"level":"\u001b[32minfo\u001b[39m","message":"Server running on http://localhost:3000","timestamp":"2025-03-24T08:45:21.587Z"}
{"level":"\u001b[32minfo\u001b[39m","message":"Database connected successfully","timestamp":"2025-03-24T08:45:23.316Z"}
{"level":"\u001b[32minfo\u001b[39m","message":"Server running on http://localhost:3000","timestamp":"2025-03-24T08:45:23.323Z"}
{"level":"\u001b[32minfo\u001b[39m","message":"Database connected successfully","timestamp":"2025-03-24T08:45:25.586Z"}
{"level":"\u001b[32minfo\u001b[39m","message":"Server running on http://localhost:3000","timestamp":"2025-03-24T08:45:25.594Z"}
{"level":"\u001b[32minfo\u001b[39m","message":"Database connected successfully","timestamp":"2025-03-24T08:45:29.214Z"}
{"level":"\u001b[32minfo\u001b[39m","message":"Server running on http://localhost:3000","timestamp":"2025-03-24T08:45:29.230Z"}
{"level":"\u001b[32minfo\u001b[39m","message":"Database connected successfully","timestamp":"2025-03-24T08:45:31.431Z"}
{"level":"\u001b[32minfo\u001b[39m","message":"Server running on http://localhost:3000","timestamp":"2025-03-24T08:45:31.444Z"}
{"level":"\u001b[32minfo\u001b[39m","message":"Database connected successfully","timestamp":"2025-03-24T08:45:34.126Z"}
{"level":"\u001b[32minfo\u001b[39m","message":"Server running on http://localhost:3000","timestamp":"2025-03-24T08:45:34.138Z"}
{"level":"\u001b[32minfo\u001b[39m","message":"Database connected successfully","timestamp":"2025-03-24T08:45:46.363Z"}
{"level":"\u001b[32minfo\u001b[39m","message":"Server running on http://localhost:3000","timestamp":"2025-03-24T08:45:46.374Z"}
{"level":"\u001b[32minfo\u001b[39m","message":"Database connected successfully","timestamp":"2025-03-24T08:45:47.922Z"}
{"level":"\u001b[32minfo\u001b[39m","message":"Server running on http://localhost:3000","timestamp":"2025-03-24T08:45:47.929Z"}
{"level":"\u001b[32minfo\u001b[39m","message":"Database connected successfully","timestamp":"2025-03-24T08:45:50.307Z"}
{"level":"\u001b[32minfo\u001b[39m","message":"Server running on http://localhost:3000","timestamp":"2025-03-24T08:45:50.314Z"}
{"level":"\u001b[32minfo\u001b[39m","message":"Database connected successfully","timestamp":"2025-03-24T08:45:59.742Z"}
{"level":"\u001b[32minfo\u001b[39m","message":"Server running on http://localhost:3000","timestamp":"2025-03-24T08:45:59.751Z"}
{"level":"\u001b[32minfo\u001b[39m","message":"Database connected successfully","timestamp":"2025-03-24T08:46:01.595Z"}
{"level":"\u001b[32minfo\u001b[39m","message":"Server running on http://localhost:3000","timestamp":"2025-03-24T08:46:01.601Z"}
{"level":"\u001b[32minfo\u001b[39m","message":"Database connected successfully","timestamp":"2025-03-24T08:46:04.720Z"}
{"level":"\u001b[32minfo\u001b[39m","message":"Server running on http://localhost:3000","timestamp":"2025-03-24T08:46:04.734Z"}
{"level":"\u001b[32minfo\u001b[39m","message":"Database connected successfully","timestamp":"2025-03-24T08:46:23.457Z"}
{"level":"\u001b[32minfo\u001b[39m","message":"Server running on http://localhost:3000","timestamp":"2025-03-24T08:46:23.463Z"}
{"level":"\u001b[32minfo\u001b[39m","message":"Database connected successfully","timestamp":"2025-03-24T08:46:29.231Z"}
{"level":"\u001b[32minfo\u001b[39m","message":"Server running on http://localhost:3000","timestamp":"2025-03-24T08:46:29.237Z"}
{"level":"\u001b[32minfo\u001b[39m","message":"Database connected successfully","timestamp":"2025-03-24T08:46:32.732Z"}
{"level":"\u001b[32minfo\u001b[39m","message":"Server running on http://localhost:3000","timestamp":"2025-03-24T08:46:32.743Z"}
{"level":"\u001b[32minfo\u001b[39m","message":"Database connected successfully","timestamp":"2025-03-24T08:46:36.190Z"}
{"level":"\u001b[32minfo\u001b[39m","message":"Server running on http://localhost:3000","timestamp":"2025-03-24T08:46:36.196Z"}
{"level":"\u001b[32minfo\u001b[39m","message":"Database connected successfully","timestamp":"2025-03-24T08:46:45.386Z"}
{"level":"\u001b[32minfo\u001b[39m","message":"Server running on http://localhost:3000","timestamp":"2025-03-24T08:46:45.400Z"}
{"level":"\u001b[32minfo\u001b[39m","message":"Database connected successfully","timestamp":"2025-03-24T08:46:50.507Z"}
{"level":"\u001b[32minfo\u001b[39m","message":"Server running on http://localhost:3000","timestamp":"2025-03-24T08:46:50.519Z"}
{"level":"\u001b[32minfo\u001b[39m","message":"Database connected successfully","timestamp":"2025-03-24T08:46:55.231Z"}
{"level":"\u001b[32minfo\u001b[39m","message":"Server running on http://localhost:3000","timestamp":"2025-03-24T08:46:55.238Z"}
{"level":"\u001b[32minfo\u001b[39m","message":"Database connected successfully","timestamp":"2025-03-24T08:46:57.016Z"}
{"level":"\u001b[32minfo\u001b[39m","message":"Server running on http://localhost:3000","timestamp":"2025-03-24T08:46:57.021Z"}
{"level":"\u001b[32minfo\u001b[39m","message":"Database connected successfully","timestamp":"2025-03-24T08:49:53.754Z"}
{"level":"\u001b[32minfo\u001b[39m","message":"Server running on http://localhost:3000","timestamp":"2025-03-24T08:49:53.759Z"}
{"level":"\u001b[32minfo\u001b[39m","message":"Database connected successfully","timestamp":"2025-03-24T08:50:08.894Z"}
{"level":"\u001b[32minfo\u001b[39m","message":"Server running on http://localhost:3000","timestamp":"2025-03-24T08:50:08.989Z"}
{"level":"\u001b[32minfo\u001b[39m","message":"Database connected successfully","timestamp":"2025-03-24T08:50:14.039Z"}
{"level":"\u001b[32minfo\u001b[39m","message":"Server running on http://localhost:3000","timestamp":"2025-03-24T08:50:14.047Z"}
{"level":"\u001b[32minfo\u001b[39m","message":"Database connected successfully","timestamp":"2025-03-24T08:50:18.199Z"}
{"level":"\u001b[32minfo\u001b[39m","message":"Server running on http://localhost:3000","timestamp":"2025-03-24T08:50:18.206Z"}
{"level":"\u001b[32minfo\u001b[39m","message":"Database connected successfully","timestamp":"2025-03-24T08:51:27.843Z"}
{"level":"\u001b[32minfo\u001b[39m","message":"Server running on http://localhost:3000","timestamp":"2025-03-24T08:51:27.849Z"}
{"level":"\u001b[32minfo\u001b[39m","message":"Database connected successfully","timestamp":"2025-03-24T08:51:30.036Z"}
{"level":"\u001b[32minfo\u001b[39m","message":"Server running on http://localhost:3000","timestamp":"2025-03-24T08:51:30.056Z"}
{"level":"\u001b[32minfo\u001b[39m","message":"Database connected successfully","timestamp":"2025-03-24T08:51:32.454Z"}
{"level":"\u001b[32minfo\u001b[39m","message":"Server running on http://localhost:3000","timestamp":"2025-03-24T08:51:32.462Z"}
{"level":"\u001b[32minfo\u001b[39m","message":"Summary length :::: 667","timestamp":"2025-03-24T08:51:40.951Z"}
{"level":"\u001b[32minfo\u001b[39m","message":"{\"method\":\"POST\",\"url\":\"/api/v1/tweetGenerate\",\"status\":\"500\",\"responseTime\":\"5091.677\"}","timestamp":"2025-03-24T08:51:40.962Z"}
{"level":"\u001b[32minfo\u001b[39m","message":"Database connected successfully","timestamp":"2025-03-24T09:18:04.650Z"}
{"level":"\u001b[32minfo\u001b[39m","message":"Server running on http://localhost:3000","timestamp":"2025-03-24T09:18:04.655Z"}
{"level":"\u001b[32minfo\u001b[39m","message":"Database connected successfully","timestamp":"2025-03-24T09:18:16.733Z"}
{"level":"\u001b[32minfo\u001b[39m","message":"Server running on http://localhost:3000","timestamp":"2025-03-24T09:18:16.742Z"}
{"level":"\u001b[32minfo\u001b[39m","message":"{\"method\":\"POST\",\"url\":\"/api/v1/tweetGenerate\",\"status\":\"401\",\"responseTime\":\"26.160\"}","timestamp":"2025-03-24T09:19:12.986Z"}
{"level":"\u001b[32minfo\u001b[39m","message":"{\"method\":\"POST\",\"url\":\"/api/v1/auth/signin\",\"status\":\"401\",\"responseTime\":\"436.086\"}","timestamp":"2025-03-24T09:19:25.993Z"}
{"level":"\u001b[32minfo\u001b[39m","message":"{\"method\":\"POST\",\"url\":\"/api/v1/auth/signin\",\"status\":\"200\",\"responseTime\":\"673.906\"}","timestamp":"2025-03-24T09:19:33.751Z"}
{"level":"\u001b[32minfo\u001b[39m","message":"Summary length :::: 614","timestamp":"2025-03-24T09:19:56.628Z"}
{"level":"\u001b[32minfo\u001b[39m","message":"{\"method\":\"POST\",\"url\":\"/api/v1/tweetGenerate\",\"status\":\"200\",\"responseTime\":\"6066.443\"}","timestamp":"2025-03-24T09:19:56.830Z"}
{"level":"\u001b[32minfo\u001b[39m","message":"Database connected successfully","timestamp":"2025-03-24T09:27:28.460Z"}
{"level":"\u001b[32minfo\u001b[39m","message":"Server running on http://localhost:3000","timestamp":"2025-03-24T09:27:28.478Z"}
{"level":"\u001b[32minfo\u001b[39m","message":"Database connected successfully","timestamp":"2025-03-24T09:27:29.828Z"}
{"level":"\u001b[32minfo\u001b[39m","message":"Server running on http://localhost:3000","timestamp":"2025-03-24T09:27:29.834Z"}
{"level":"\u001b[32minfo\u001b[39m","message":"Database connected successfully","timestamp":"2025-03-24T09:27:45.104Z"}
{"level":"\u001b[32minfo\u001b[39m","message":"Server running on http://localhost:3000","timestamp":"2025-03-24T09:27:45.109Z"}
{"level":"\u001b[32minfo\u001b[39m","message":"{\"method\":\"POST\",\"url\":\"/api/v1/tweetGenerate\",\"status\":\"401\",\"responseTime\":\"21.918\"}","timestamp":"2025-03-24T09:28:31.362Z"}
{"level":"\u001b[32minfo\u001b[39m","message":"[SUCCESS] Refreshed access token for user: test11","timestamp":"2025-03-24T09:28:36.782Z"}
{"level":"\u001b[32minfo\u001b[39m","message":"{\"method\":\"POST\",\"url\":\"/api/v1/auth/refreshToken\",\"status\":\"200\",\"responseTime\":\"714.879\"}","timestamp":"2025-03-24T09:28:36.785Z"}
{"level":"\u001b[32minfo\u001b[39m","message":"Summary length :::: 446","timestamp":"2025-03-24T09:29:01.253Z"}
{"level":"\u001b[32minfo\u001b[39m","message":"{\"method\":\"POST\",\"url\":\"/api/v1/tweetGenerate\",\"status\":\"200\",\"responseTime\":\"4438.307\"}","timestamp":"2025-03-24T09:29:01.475Z"}
{"level":"\u001b[32minfo\u001b[39m","message":"Database connected successfully","timestamp":"2025-03-24T09:30:14.240Z"}
{"level":"\u001b[32minfo\u001b[39m","message":"Server running on http://localhost:3000","timestamp":"2025-03-24T09:30:14.246Z"}
{"level":"\u001b[32minfo\u001b[39m","message":"Database connected successfully","timestamp":"2025-03-24T09:30:22.711Z"}
{"level":"\u001b[32minfo\u001b[39m","message":"Server running on http://localhost:3000","timestamp":"2025-03-24T09:30:22.717Z"}
